[preview.cruip.com/open-pro/index.html]
[backblue.gif]
[fade.gif]
[index.html]
[preview.cruip.com/open-pro/css/vendors/aos.css]
[preview.cruip.com/open-pro/style.css]
[plausible.cruip.com/js/script.js]
[preview.cruip.com/open-pro/images/logo.svg]
[preview.cruip.com/open-pro/pricing.html]
[preview.cruip.com/open-pro/about.html]
[preview.cruip.com/open-pro/blog.html]
[preview.cruip.com/open-pro/help.html]
[preview.cruip.com/open-pro/newsletter.html]
[preview.cruip.com/open-pro/contact.html]
[preview.cruip.com/open-pro/404.html]
[preview.cruip.com/open-pro/signin.html]
[preview.cruip.com/open-pro/signup.html]
[preview.cruip.com/open-pro/images/page-illustration.svg]
[preview.cruip.com/open-pro/images/secondary-illustration.svg]
[preview.cruip.com/open-pro/images/hero-image-01.jpg]
[preview.cruip.com/open-pro/videos/video.mp4]
[preview.cruip.com/open-pro/images/workflow-01.png]
[preview.cruip.com/open-pro/images/workflow-02.png]
[preview.cruip.com/open-pro/images/workflow-03.png]
[preview.cruip.com/open-pro/images/blurred-shape-gray.svg]
[preview.cruip.com/open-pro/images/blurred-shape.svg]
[preview.cruip.com/open-pro/images/features.png]
[preview.cruip.com/open-pro/images/small-testimonial.jpg]
[preview.cruip.com/open-pro/images/carousel-01.png]
[preview.cruip.com/open-pro/images/carousel-02.png]
[preview.cruip.com/open-pro/images/carousel-03.png]
[preview.cruip.com/open-pro/images/large-testimonial-01.jpg]
[preview.cruip.com/open-pro/images/footer-illustration.svg]
[preview.cruip.com/open-pro/js/vendors/alpinejs-focus.min.js]
[preview.cruip.com/open-pro/js/vendors/alpinejs.min.js]
[preview.cruip.com/open-pro/js/vendors/aos.js]
[preview.cruip.com/open-pro/index.html]
[preview.cruip.com/open-pro/css/vendors/aos.css]
[preview.cruip.com/open-pro/style.css]
[preview.cruip.com/open-pro/images/logo.svg]
[preview.cruip.com/open-pro/js/main.js]
[preview.cruip.com/open-pro/images/avatar-01.jpg]
[preview.cruip.com/open-pro/images/avatar-02.jpg]
[preview.cruip.com/open-pro/images/avatar-03.jpg]
[preview.cruip.com/open-pro/images/avatar-04.jpg]
[preview.cruip.com/open-pro/images/client-logo-01.svg]
[preview.cruip.com/open-pro/images/testimonial-01.jpg]
[preview.cruip.com/open-pro/images/client-logo-02.svg]
[preview.cruip.com/open-pro/images/testimonial-02.jpg]
[preview.cruip.com/open-pro/images/client-logo-03.svg]
[preview.cruip.com/open-pro/images/testimonial-03.jpg]
[preview.cruip.com/open-pro/images/client-logo-04.svg]
[preview.cruip.com/open-pro/images/testimonial-04.jpg]
[preview.cruip.com/open-pro/images/client-logo-05.svg]
[preview.cruip.com/open-pro/images/testimonial-05.jpg]
[preview.cruip.com/open-pro/images/client-logo-06.svg]
[preview.cruip.com/open-pro/images/testimonial-06.jpg]
[preview.cruip.com/open-pro/images/client-logo-07.svg]
[preview.cruip.com/open-pro/images/testimonial-07.jpg]
[preview.cruip.com/open-pro/images/client-logo-08.svg]
[preview.cruip.com/open-pro/images/testimonial-08.jpg]
[preview.cruip.com/open-pro/images/client-logo-09.svg]
[preview.cruip.com/open-pro/images/testimonial-09.jpg]
[preview.cruip.com/open-pro/pricing.html]
[preview.cruip.com/open-pro/images/team-mosaic-02.jpg]
[preview.cruip.com/open-pro/images/team-mosaic-01.jpg]
[preview.cruip.com/open-pro/images/team-mosaic-03.jpg]
[preview.cruip.com/open-pro/images/team-mosaic-04.jpg]
[preview.cruip.com/open-pro/images/team-01.jpg]
[preview.cruip.com/open-pro/images/team-02.jpg]
[preview.cruip.com/open-pro/images/team-03.jpg]
[preview.cruip.com/open-pro/images/team-04.jpg]
[preview.cruip.com/open-pro/images/team-05.jpg]
[preview.cruip.com/open-pro/images/team-06.jpg]
[preview.cruip.com/open-pro/images/team-07.jpg]
[preview.cruip.com/open-pro/images/team-08.jpg]
[preview.cruip.com/open-pro/images/team-09.jpg]
[preview.cruip.com/open-pro/images/team-10.jpg]
[preview.cruip.com/open-pro/images/team-11.jpg]
[preview.cruip.com/open-pro/images/team-12.jpg]
[preview.cruip.com/open-pro/images/blurred-shape-02.svg]
[preview.cruip.com/open-pro/images/worldmap.png]
[preview.cruip.com/open-pro/images/world-user-01.jpg]
[preview.cruip.com/open-pro/images/world-user-02.jpg]
[preview.cruip.com/open-pro/images/world-user-03.jpg]
[preview.cruip.com/open-pro/images/world-user-04.jpg]
[preview.cruip.com/open-pro/images/world-user-05.jpg]
[preview.cruip.com/open-pro/images/world-user-06.jpg]
[preview.cruip.com/open-pro/images/world-user-07.jpg]
[preview.cruip.com/open-pro/images/world-user-08.jpg]
[preview.cruip.com/open-pro/images/large-testimonial-02.jpg]
[preview.cruip.com/open-pro/about.html]
[preview.cruip.com/open-pro/blog-post.html]
[preview.cruip.com/open-pro/images/post-thumb-01.jpg]
[preview.cruip.com/open-pro/images/post-author-01.jpg]
[preview.cruip.com/open-pro/images/post-thumb-02.jpg]
[preview.cruip.com/open-pro/images/post-author-02.jpg]
[preview.cruip.com/open-pro/images/post-thumb-03.jpg]
[preview.cruip.com/open-pro/images/post-author-03.jpg]
[preview.cruip.com/open-pro/images/post-thumb-04.jpg]
[preview.cruip.com/open-pro/images/post-author-04.jpg]
[preview.cruip.com/open-pro/images/post-thumb-05.jpg]
[preview.cruip.com/open-pro/images/post-author-05.jpg]
[preview.cruip.com/open-pro/images/post-thumb-06.jpg]
[preview.cruip.com/open-pro/images/post-thumb-07.jpg]
[preview.cruip.com/open-pro/images/post-thumb-08.jpg]
[preview.cruip.com/open-pro/images/post-thumb-09.jpg]
[preview.cruip.com/open-pro/images/post-thumb-10.jpg]
[preview.cruip.com/open-pro/images/post-thumb-11.jpg]
[preview.cruip.com/open-pro/images/post-thumb-12.jpg]
[preview.cruip.com/open-pro/images/post-thumb-13.jpg]
[preview.cruip.com/open-pro/images/post-thumb-14.jpg]
[preview.cruip.com/open-pro/images/post-thumb-15.jpg]
[preview.cruip.com/open-pro/blog.html]
[preview.cruip.com/open-pro/help.html]
[preview.cruip.com/open-pro/images/avatar-group-01.jpg]
[preview.cruip.com/open-pro/images/avatar-group-02.jpg]
[preview.cruip.com/open-pro/images/avatar-group-03.jpg]
[preview.cruip.com/open-pro/images/avatar-group-04.jpg]
[preview.cruip.com/open-pro/newsletter.html]
[preview.cruip.com/open-pro/contact.html]
[preview.cruip.com/open-pro/images/404.jpg]
[preview.cruip.com/open-pro/404.html]
[preview.cruip.com/open-pro/signin.html]
[preview.cruip.com/open-pro/signup.html]
[preview.cruip.com/open-pro/images/page-illustration.svg]
[preview.cruip.com/open-pro/images/secondary-illustration.svg]
[preview.cruip.com/open-pro/images/blurred-shape-gray.svg]
[preview.cruip.com/open-pro/images/blurred-shape.svg]
[preview.cruip.com/open-pro/images/footer-illustration.svg]
[preview.cruip.com/open-pro/images/client-logo-01.svg]
[preview.cruip.com/open-pro/images/client-logo-02.svg]
[preview.cruip.com/open-pro/images/client-logo-03.svg]
[preview.cruip.com/open-pro/images/client-logo-04.svg]
[preview.cruip.com/open-pro/images/client-logo-05.svg]
[preview.cruip.com/open-pro/images/client-logo-06.svg]
[preview.cruip.com/open-pro/images/client-logo-07.svg]
[preview.cruip.com/open-pro/images/client-logo-08.svg]
[preview.cruip.com/open-pro/images/client-logo-09.svg]
[preview.cruip.com/open-pro/images/blurred-shape-02.svg]
[preview.cruip.com/open-pro/reset-password.html]
[preview.cruip.com/open-pro/images/post-image-01.jpg]
[preview.cruip.com/open-pro/images/post-inner-image.jpg]
[preview.cruip.com/open-pro/blog-post.html]
[preview.cruip.com/open-pro/reset-password.html]
